Username,Password,URL
engdeu0501,6574e0e0,http://127.0.0.1:8000/dashboard/sso/engdeu0501/6574e0e0/
engdeu0502,dfdd1289,http://127.0.0.1:8000/dashboard/sso/engdeu0502/dfdd1289/
