Username,Password,URL
engdeu0101,5ddd60c3,http://127.0.0.1:8000/dashboard/sso/engdeu0101/5ddd60c3/
