engdeu0501,newstest2019,cnn.304489,newstest2019-ende.tsv::3.5.6.7.12,1,TGT,eng
engdeu0501,newstest2019,reuters.218909,newstest2019-ende.tsv::1.2.4.5.9,2,TGT,eng
engdeu0501,newstest2019,newsweek.51318,newstest2019-ende.tsv::4.5.11.12.16,3,TGT,eng
engdeu0501,newstest2019,telegraph.405413,newstest2019-ende.tsv::0.3.4.6.7,4,TGT,eng
engdeu0501,newstest2019,bbc.381701,newstest2019-ende.tsv::0.1.2.3.4,5,TGT,eng
engdeu0501,newstest2019,cnbc.com.6784,newstest2019-ende.tsv::1.3.4.5.6,6,TGT,eng
engdeu0501,newstest2019,euronews-en.153835,newstest2019-ende.tsv::0.1.2.3,7,TGT,eng
engdeu0501,newstest2019,bbc.381692,newstest2019-ende.tsv::2.3.4.5.6,8,TGT,eng
engdeu0501,newstest2019,cnbc.com.6770,newstest2019-ende.tsv::1.2.11.16.19,9,TGT,eng
engdeu0501,TestDomain,TestDocD,test-ende-srcref.tsv::0.2.4.5.13,10,REF,eng
engdeu0502,newstest2019,euronews-en.153800,newstest2019-ende.tsv::2.3.6.7.8,1,TGT,eng
engdeu0502,newstest2019,reuters.218861,newstest2019-ende.tsv::8.9.12.15.24,2,TGT,eng
engdeu0502,newstest2019,cbsnews.248394,newstest2019-ende.tsv::4.6.10.11.14,3,TGT,eng
engdeu0502,newstest2019,upi.176275,newstest2019-ende.tsv::0.3.5.9.12,4,TGT,eng
engdeu0502,newstest2019,dailymail.co.uk.298686,newstest2019-ende.tsv::1.4.6.8.9,5,TGT,eng
engdeu0502,newstest2019,cnbc.com.6772,newstest2019-ende.tsv::7.8.12.15.18,6,TGT,eng
engdeu0502,newstest2019,newsweek.51328,newstest2019-ende.tsv::0.4.7.11.13,7,TGT,eng
engdeu0502,newstest2019,telegraph.405404,newstest2019-ende.tsv::3.4.7.10.18,8,TGT,eng
engdeu0502,newstest2019,abcnews.306758,newstest2019-ende.tsv::0.1.2.4.5,9,TGT,eng
engdeu0502,newstest2019,independent.226349,newstest2019-ende.tsv::2.3.4.5.6,10,TGT,eng
