Username,Password,URL
engdeu0f01,e70c5a35,http://127.0.0.1:8000/dashboard/sso/engdeu0f01/e70c5a35/
engdeu0f02,6eaa0b80,http://127.0.0.1:8000/dashboard/sso/engdeu0f02/6eaa0b80/
engdeu0f03,4473f5e7,http://127.0.0.1:8000/dashboard/sso/engdeu0f03/4473f5e7/
engdeu0f04,94851f85,http://127.0.0.1:8000/dashboard/sso/engdeu0f04/94851f85/
