Username,Password,URL
engdeu0e01,3c1604b9,http://127.0.0.1:8000/dashboard/sso/engdeu0e01/3c1604b9/
