engdeu0f01,ende-tutorial1,1000000,TGT,eng,deu,10,ende-tutorial1,False,"{'start_i': 0, 'end_i': 50, 'severity': 'major'}"
engdeu0f01,ende-tutorial1,1000001,TGT,eng,deu,20,ende-tutorial1,False,"{'start_i': 0, 'end_i': 50, 'severity': 'major'}"
engdeu0f01,ende-tutorial1,1000002,TGT,eng,deu,30,ende-tutorial1,False,"{'start_i': 0, 'end_i': 50, 'severity': 'major'}"
engdeu0f01,ende-tutorial2,1000003,TGT,eng,deu,40,ende-tutorial2,False,"{'start_i': 0, 'end_i': 50, 'severity': 'major'}"
engdeu0f01,ende-tutorial2,1000004,TGT,eng,deu,50,ende-tutorial2,False,"{'start_i': 0, 'end_i': 50, 'severity': 'major'}"
