Username,Password,URL
engdeu0a01,13917ee0,http://127.0.0.1:8000/dashboard/sso/engdeu0a01/13917ee0/
