deueng1201,system-B,0,TGT,deu,eng,10,5#1-101,False,"{'start_i': 0, 'end_i': 50, 'severity': 'major'}",1721976625.942,1721976628.489
deueng1201,system-A,0,TGT,deu,eng,20,5#1-101,False,"{'start_i': 0, 'end_i': 50, 'severity': 'major'}",1721976625.942,1721976628.489
deueng1201,system-B,1,TGT,deu,eng,20,5#1-101,False,"{'start_i': 0, 'end_i': 50, 'severity': 'major'}",1721976625.942,1721976629.731
deueng1201,system-A,1,TGT,deu,eng,30,5#1-101,False,"{'start_i': 0, 'end_i': 50, 'severity': 'major'}",1721976625.942,1721976629.731
deueng1201,system-B,2,TGT,deu,eng,30,5#1-101,False,"{'start_i': 0, 'end_i': 50, 'severity': 'major'}",1721976625.942,1721976631.653
deueng1201,system-A,2,TGT,deu,eng,40,5#1-101,False,"{'start_i': 0, 'end_i': 50, 'severity': 'major'}",1721976625.942,1721976631.653
deueng1201,system-B,3,TGT,deu,eng,40,5#1-101,False,"{'start_i': 0, 'end_i': 50, 'severity': 'major'}",1721976625.942,1721976634.057
deueng1201,system-A,3,TGT,deu,eng,50,5#1-101,False,"{'start_i': 0, 'end_i': 50, 'severity': 'major'}",1721976625.942,1721976634.057
deueng1201,system-B,4,TGT,deu,eng,50,5#1-101,False,"{'start_i': 0, 'end_i': 50, 'severity': 'major'}",1721976625.942,1721976636.432
deueng1201,system-A,4,TGT,deu,eng,60,5#1-101,False,"{'start_i': 0, 'end_i': 50, 'severity': 'major'}",1721976625.942,1721976636.432
deueng1201,system-B,5,TGT,deu,eng,60,5#1-101,False,"{'start_i': 0, 'end_i': 50, 'severity': 'major'}",1721976625.942,1721976638.324
deueng1201,system-A,5,TGT,deu,eng,70,5#1-101,False,"{'start_i': 0, 'end_i': 50, 'severity': 'major'}",1721976625.942,1721976638.324
deueng1201,system-B,6,TGT,deu,eng,70,5#1-101,False,"{'start_i': 0, 'end_i': 50, 'severity': 'major'}",1721976625.942,1721976642.538
deueng1201,system-A,6,TGT,deu,eng,80,5#1-101,False,"{'start_i': 0, 'end_i': 50, 'severity': 'major'}",1721976625.942,1721976642.538
deueng1201,system-B,7,TGT,deu,eng,80,5#1-101,False,"{'start_i': 0, 'end_i': 50, 'severity': 'major'}",1721976625.942,1721976645.109
deueng1201,system-A,7,TGT,deu,eng,90,5#1-101,False,"{'start_i': 0, 'end_i': 50, 'severity': 'major'}",1721976625.942,1721976645.109
deueng1201,system-B,8,TGT,deu,eng,90,5#1-101,False,"{'start_i': 0, 'end_i': 50, 'severity': 'major'}",1721976625.942,1721976647.037
deueng1201,system-A,8,TGT,deu,eng,100,5#1-101,False,"{'start_i': 0, 'end_i': 50, 'severity': 'major'}",1721976625.942,1721976647.037
