Username,Password,URL
deueng1201,a600717f,http://127.0.0.1:8000/dashboard/sso/deueng1201/a600717f/

