Username,Password,URL
engdeu0301,6531faf3,http://127.0.0.1:8000/dashboard/sso/engdeu0301/6531faf3/
