Username,Password,URL
engdeu0701,55780fa8,http://127.0.0.1:8000/dashboard/sso/engdeu0701/55780fa8/
