1,9,nzz.ch.79514.0,Online-W,False
1,13,mittelbayerische.de.307175.0,Online-Y,False
1,26,abendzeitung-muenchen.de.275234.0,Online-A,False
1,13,mittelbayerische.de.307175.0,Online-B,False
1,9,kurier.at.204564.0,Online-Y,False
1,9,haz.de.150673.0,translator-A,False
1,9,nzz.ch.79514.0,Online-W,True
1,12,mittelbayerische.de.307175.0,Online-Y,True
2,22,mt-online.de.23946.0,Online-Y,False
2,9,nzz.ch.79514.0,translator-A,False
2,19,salzburg.com.306596.0,Online-W,False
2,5,bild.254846.0,Online-B,False
2,19,salzburg.com.306596.0,Online-Y,False
2,22,mt-online.de.23946.0,Online-Y,True
2,4,nzz.ch.79514.0,translator-A,True
3,19,epochtimes.de.56046.0,Online-Y,False
3,9,haz.de.150673.0,Online-B,False
3,26,abendzeitung-muenchen.de.275234.0,translator-A,False
3,26,abendzeitung-muenchen.de.275234.0,Online-W,False
3,19,epochtimes.de.56046.0,Online-Y,True
3,1,haz.de.150673.0,Online-B,True
4,16,handelsblatt.com.292800.0,Online-W,False
4,5,bild.254846.0,Online-A,False
4,9,haz.de.150673.0,Online-A,False
4,9,haz.de.150673.0,Online-W,False
4,22,mt-online.de.23946.0,Online-B,False
4,19,salzburg.com.306596.0,translator-A,False
4,16,handelsblatt.com.292800.0,Online-W,True
4,4,bild.254846.0,Online-A,True
5,26,abendzeitung-muenchen.de.275234.0,Online-Y,False
5,13,mittelbayerische.de.307175.0,translator-A,False
5,13,mittelbayerische.de.307175.0,Online-A,False
5,9,kurier.at.204564.0,translator-A,False
5,19,epochtimes.de.56046.0,Online-B,False
5,20,abendzeitung-muenchen.de.275234.0,Online-Y,True
6,19,epochtimes.de.56046.0,Online-W,False
6,6,pnp.de.390035.0,Online-W,False
6,22,mt-online.de.23946.0,Online-W,False
6,22,mt-online.de.23946.0,translator-A,False
6,11,rt-german.14747.0,Online-A,False
6,19,epochtimes.de.56046.0,Online-W,True
6,1,pnp.de.390035.0,Online-W,True
7,31,ln-online.de.149803.0,Online-W,False
7,19,epochtimes.de.56046.0,translator-A,False
7,6,pnp.de.390035.0,translator-A,False
7,16,handelsblatt.com.292800.0,Online-Y,False
7,6,pnp.de.390035.0,Online-Y,False
7,22,ln-online.de.149803.0,Online-W,True
8,31,ln-online.de.149803.0,translator-A,False
8,25,faz.79571.0,Online-W,False
8,9,kurier.at.204564.0,Online-B,False
8,6,pnp.de.390035.0,Online-B,False
8,9,haz.de.150673.0,Online-Y,False
8,20,ln-online.de.149803.0,translator-A,True
9,19,salzburg.com.306596.0,Online-A,False
9,9,nzz.ch.79514.0,Online-Y,False
9,16,handelsblatt.com.292800.0,translator-A,False
9,11,rt-german.14747.0,Online-B,False
9,25,faz.79571.0,Online-Y,False
9,19,salzburg.com.306596.0,Online-A,True
9,1,nzz.ch.79514.0,Online-Y,True
10,19,epochtimes.de.56046.0,Online-A,False
10,11,rt-german.14747.0,translator-A,False
10,22,mt-online.de.23946.0,Online-A,False
10,5,oberpfalznetz.de.99395.0,Online-B,False
10,11,rt-german.14747.0,Online-Y,False
10,5,bild.254846.0,translator-A,False
10,5,bild.254846.0,Online-W,False
10,19,epochtimes.de.56046.0,Online-A,True
10,3,rt-german.14747.0,translator-A,True
11,9,nzz.ch.79514.0,Online-B,False
11,13,mittelbayerische.de.307175.0,Online-W,False
11,26,abendzeitung-muenchen.de.275234.0,Online-B,False
11,9,kurier.at.204564.0,Online-B,False
11,13,mittelbayerische.de.307175.0,translator-A,False
11,5,bild.254846.0,Online-Y,False
11,5,oberpfalznetz.de.99395.0,Online-W,False
11,9,nzz.ch.79514.0,Online-B,True
11,11,mittelbayerische.de.307175.0,Online-W,True
12,25,faz.79571.0,Online-B,False
12,19,salzburg.com.306596.0,Online-B,False
12,11,rt-german.14747.0,Online-W,False
12,25,faz.79571.0,Online-A,False
12,20,faz.79571.0,Online-B,True
13,16,handelsblatt.com.292800.0,Online-A,False
13,26,abendzeitung-muenchen.de.275234.0,Online-B,False
13,5,oberpfalznetz.de.99395.0,translator-A,False
13,16,handelsblatt.com.292800.0,Online-B,False
13,5,oberpfalznetz.de.99395.0,Online-A,False
13,9,kurier.at.204564.0,Online-A,False
13,16,handelsblatt.com.292800.0,Online-A,True
13,7,abendzeitung-muenchen.de.275234.0,Online-B,True
14,31,ln-online.de.149803.0,Online-Y,False
14,5,bild.254846.0,Online-Y,False
14,5,oberpfalznetz.de.99395.0,Online-W,False
14,31,ln-online.de.149803.0,Online-B,False
14,5,oberpfalznetz.de.99395.0,Online-Y,False
14,23,ln-online.de.149803.0,Online-Y,True
15,31,ln-online.de.149803.0,Online-A,False
15,25,faz.79571.0,translator-A,False
15,6,pnp.de.390035.0,Online-A,False
15,9,kurier.at.204564.0,Online-W,False
15,9,nzz.ch.79514.0,Online-A,False
15,20,ln-online.de.149803.0,Online-A,True
