1,10,mittelbayerische.de.307175#2-11,Online-Y,False
1,10,epochtimes.de.56046#10-19,Online-W,False
1,10,epochtimes.de.56046#1-10,Online-W,False
1,10,handelsblatt.com.292800#4-13,translator-A,False
1,10,epochtimes.de.56046#5-14,Online-W,False
1,10,ln-online.de.149803#8-17,Online-W,False
1,10,rt-german.14747#1-10,Online-A,False
1,10,ln-online.de.149803#21-30,Online-Y,False
1,10,mittelbayerische.de.307175#2-11,Online-Y,True
1,10,epochtimes.de.56046#10-19,Online-W,True
2,10,rt-german.14747#1-10,Online-W,False
2,10,epochtimes.de.56046#5-14,Online-Y,False
2,10,ln-online.de.149803#8-17,Online-A,False
2,10,mittelbayerische.de.307175#2-11,Online-W,False
2,10,epochtimes.de.56046#10-19,translator-A,False
2,10,handelsblatt.com.292800#4-13,Online-B,False
2,10,rt-german.14747#1-10,translator-A,False
2,10,epochtimes.de.56046#1-10,Online-A,False
2,10,rt-german.14747#1-10,Online-W,True
2,10,epochtimes.de.56046#5-14,Online-Y,True
3,10,ln-online.de.149803#21-30,Online-W,False
3,10,handelsblatt.com.292800#4-13,Online-W,False
3,10,epochtimes.de.56046#1-10,Online-B,False
3,10,ln-online.de.149803#21-30,translator-A,False
3,10,handelsblatt.com.292800#4-13,Online-A,False
3,10,ln-online.de.149803#21-30,Online-A,False
3,10,ln-online.de.149803#8-17,Online-Y,False
3,10,rt-german.14747#1-10,Online-B,False
3,10,ln-online.de.149803#21-30,Online-W,True
3,10,handelsblatt.com.292800#4-13,Online-W,True
4,10,mittelbayerische.de.307175#2-11,Online-B,False
4,10,epochtimes.de.56046#10-19,Online-Y,False
4,10,ln-online.de.149803#21-30,Online-B,False
4,10,rt-german.14747#1-10,Online-Y,False
4,10,epochtimes.de.56046#10-19,Online-B,False
4,10,epochtimes.de.56046#1-10,Online-Y,False
4,10,epochtimes.de.56046#1-10,translator-A,False
4,10,ln-online.de.149803#8-17,translator-A,False
4,10,mittelbayerische.de.307175#2-11,Online-B,True
4,10,epochtimes.de.56046#10-19,Online-Y,True
5,10,epochtimes.de.56046#5-14,translator-A,False
5,10,handelsblatt.com.292800#4-13,Online-Y,False
5,9,kurier.at.204564#1-9,Online-W,False
5,9,kurier.at.204564#1-9,Online-B,False
5,10,ln-online.de.149803#8-17,Online-B,False
5,10,epochtimes.de.56046#5-14,Online-B,False
5,10,mittelbayerische.de.307175#2-11,translator-A,False
5,10,epochtimes.de.56046#10-19,Online-A,False
5,10,epochtimes.de.56046#5-14,translator-A,True
5,10,handelsblatt.com.292800#4-13,Online-Y,True
5,2,kurier.at.204564#1-9,Online-W,True
6,9,kurier.at.204564#1-9,Online-Y,False
6,5,bild.254846#1-5,Online-W,False
6,10,mittelbayerische.de.307175#2-11,Online-A,False
6,9,kurier.at.204564#1-9,translator-A,False
6,5,bild.254846#1-5,Online-B,False
6,10,epochtimes.de.56046#5-14,Online-A,False
6,5,bild.254846#1-5,Online-A,False
6,5,bild.254846#1-5,translator-A,False
6,9,kurier.at.204564#1-9,Online-A,False
6,5,bild.254846#1-5,Online-Y,False
6,9,kurier.at.204564#1-9,Online-Y,True
6,5,bild.254846#1-5,Online-W,True
6,10,mittelbayerische.de.307175#2-11,Online-A,True
6,4,kurier.at.204564#1-9,translator-A,True
