Total number of tasks: 15
>>> task_len: 100
>>>  1 22 mt-online.de.23946.0 Online-W False
>>>  1 6 pnp.de.390035.0 Online-A False
>>>  1 9 haz.de.150673.0 Online-W False
>>>  1 11 rt-german.14747.0 Online-B False
>>>  1 6 pnp.de.390035.0 Online-Y False
>>>  1 26 abendzeitung-muenchen.de.275234.0 Online-A False
>>>  1 20 mt-online.de.23946.0 Online-W True
>>> task_len: 100
>>>  2 11 rt-german.14747.0 translator-A False
>>>  2 19 salzburg.com.306596.0 Online-Y False
>>>  2 9 haz.de.150673.0 Online-A False
>>>  2 22 mt-online.de.23946.0 Online-B False
>>>  2 19 salzburg.com.306596.0 translator-A False
>>>  2 11 rt-german.14747.0 translator-A True
>>>  2 9 salzburg.com.306596.0 Online-Y True
>>> task_len: 100
>>>  3 31 ln-online.de.149803.0 Online-A False
>>>  3 9 kurier.at.204564.0 translator-A False
>>>  3 11 rt-german.14747.0 Online-W False
>>>  3 19 epochtimes.de.56046.0 Online-A False
>>>  3 5 bild.254846.0 translator-A False
>>>  3 25 ln-online.de.149803.0 Online-A True
>>> task_len: 100
>>>  4 25 faz.79571.0 translator-A False
>>>  4 31 ln-online.de.149803.0 Online-Y False
>>>  4 19 salzburg.com.306596.0 Online-B False
>>>  4 25 faz.79571.0 translator-A True
>>> task_len: 100
>>>  5 9 haz.de.150673.0 translator-A False
>>>  5 25 faz.79571.0 Online-W False
>>>  5 31 ln-online.de.149803.0 Online-W False
>>>  5 13 mittelbayerische.de.307175.0 translator-A False
>>>  5 9 haz.de.150673.0 translator-A True
>>>  5 13 faz.79571.0 Online-W True
>>> task_len: 100
>>>  6 11 rt-german.14747.0 Online-A False
>>>  6 9 nzz.ch.79514.0 Online-A False
>>>  6 19 epochtimes.de.56046.0 Online-Y False
>>>  6 26 abendzeitung-muenchen.de.275234.0 Online-Y False
>>>  6 5 bild.254846.0 Online-W False
>>>  6 5 oberpfalznetz.de.99395.0 Online-Y False
>>>  6 5 oberpfalznetz.de.99395.0 Online-B False
>>>  6 11 rt-german.14747.0 Online-A True
>>>  6 9 nzz.ch.79514.0 Online-A True
>>> task_len: 100
>>>  7 11 rt-german.14747.0 Online-Y False
>>>  7 26 abendzeitung-muenchen.de.275234.0 translator-A False
>>>  7 5 oberpfalznetz.de.99395.0 Online-A False
>>>  7 6 pnp.de.390035.0 Online-W False
>>>  7 16 handelsblatt.com.292800.0 Online-W False
>>>  7 16 handelsblatt.com.292800.0 translator-A False
>>>  7 11 rt-german.14747.0 Online-Y True
>>>  7 9 abendzeitung-muenchen.de.275234.0 translator-A True
>>> task_len: 100
>>>  8 9 kurier.at.204564.0 Online-A False
>>>  8 9 nzz.ch.79514.0 Online-W False
>>>  8 9 kurier.at.204564.0 Online-Y False
>>>  8 22 mt-online.de.23946.0 Online-Y False
>>>  8 31 ln-online.de.149803.0 Online-B False
>>>  8 9 kurier.at.204564.0 Online-A True
>>>  8 9 nzz.ch.79514.0 Online-W True
>>>  8 2 kurier.at.204564.0 Online-Y True
>>> task_len: 100
>>>  9 5 bild.254846.0 Online-B False
>>>  9 25 faz.79571.0 Online-Y False
>>>  9 13 mittelbayerische.de.307175.0 Online-W False
>>>  9 5 oberpfalznetz.de.99395.0 Online-W False
>>>  9 25 faz.79571.0 Online-A False
>>>  9 6 pnp.de.390035.0 Online-B False
>>>  9 5 bild.254846.0 Online-B True
>>>  9 16 faz.79571.0 Online-Y True
>>> task_len: 100
>>>  10 6 pnp.de.390035.0 translator-A False
>>>  10 22 mt-online.de.23946.0 Online-Y False
>>>  10 16 handelsblatt.com.292800.0 Online-Y False
>>>  10 9 kurier.at.204564.0 Online-B False
>>>  10 19 epochtimes.de.56046.0 Online-W False
>>>  10 5 bild.254846.0 Online-A False
>>>  10 6 pnp.de.390035.0 translator-A True
>>>  10 17 mt-online.de.23946.0 Online-Y True
>>> task_len: 100
>>>  11 22 mt-online.de.23946.0 Online-A False
>>>  11 25 faz.79571.0 Online-B False
>>>  11 9 nzz.ch.79514.0 Online-B False
>>>  11 19 epochtimes.de.56046.0 Online-B False
>>>  11 5 bild.254846.0 Online-Y False
>>>  11 20 mt-online.de.23946.0 Online-A True
>>> task_len: 100
>>>  12 22 mt-online.de.23946.0 translator-A False
>>>  12 9 nzz.ch.79514.0 translator-A False
>>>  12 31 ln-online.de.149803.0 Online-B False
>>>  12 16 handelsblatt.com.292800.0 Online-B False
>>>  12 22 mt-online.de.23946.0 translator-A True
>>> task_len: 100
>>>  13 31 ln-online.de.149803.0 translator-A False
>>>  13 19 salzburg.com.306596.0 Online-W False
>>>  13 9 haz.de.150673.0 Online-Y False
>>>  13 16 handelsblatt.com.292800.0 Online-A False
>>>  13 5 oberpfalznetz.de.99395.0 translator-A False
>>>  13 20 ln-online.de.149803.0 translator-A True
>>> task_len: 100
>>>  14 13 mittelbayerische.de.307175.0 Online-B False
>>>  14 13 mittelbayerische.de.307175.0 Online-A False
>>>  14 19 epochtimes.de.56046.0 translator-A False
>>>  14 13 mittelbayerische.de.307175.0 Online-Y False
>>>  14 9 nzz.ch.79514.0 Online-Y False
>>>  14 9 kurier.at.204564.0 Online-W False
>>>  14 13 mittelbayerische.de.307175.0 Online-B True
>>>  14 11 mittelbayerische.de.307175.0 Online-A True
>>> task_len: 100
>>>  15 26 abendzeitung-muenchen.de.275234.0 Online-W False
>>>  15 26 abendzeitung-muenchen.de.275234.0 Online-B False
>>>  15 19 salzburg.com.306596.0 Online-A False
>>>  15 9 haz.de.150673.0 Online-B False
>>>  15 20 abendzeitung-muenchen.de.275234.0 Online-W True
Total tasks: 15
Total docs:  75
Total sys:   5 ['Online-A', 'Online-B', 'Online-W', 'Online-Y', 'translator-A']
